2026-06-02 08:03:42 [INFO] request served: GET /products (200)
2026-06-02 08:08:06 [INFO] request served: GET /products?id=17 (200)
2026-06-02 08:10:56 [INFO] request served: GET /checkout (200)
2026-06-02 08:11:18 [INFO] request served: GET / (200)
2026-06-02 08:12:21 [INFO] request served: GET /products?id=9 (200)
2026-06-02 08:13:21 [INFO] request served: GET /products?id=44 (200)
2026-06-02 08:17:52 [INFO] request served: GET / (200)
2026-06-02 08:19:46 [INFO] request served: GET /cart (200)
2026-06-02 08:20:27 [INFO] request served: GET /checkout (200)
2026-06-02 08:21:48 [INFO] request served: GET /cart (200)
2026-06-02 08:22:03 [INFO] request served: GET /checkout (200)
2026-06-02 08:26:14 [INFO] request served: GET /products?id=9 (200)
2026-06-02 08:27:42 [INFO] request served: GET /products?id=17 (200)
2026-06-02 08:38:12 [INFO] request served: GET /products?id=9 (200)
2026-06-02 08:40:54 [INFO] request served: GET /products?id=17 (200)
2026-06-02 08:51:11 [INFO] request served: GET /checkout (200)
2026-06-02 09:04:38 [INFO] request served: GET /products?id=9 (200)
2026-06-02 09:07:11 [INFO] request served: GET /checkout (200)
2026-06-02 09:11:55 [INFO] request served: GET /checkout (200)
2026-06-02 09:14:54 [INFO] request served: GET / (200)
2026-06-02 09:17:35 [INFO] request served: GET /products?id=9 (200)
2026-06-02 09:18:55 [INFO] request served: GET /products?id=9 (200)
2026-06-02 09:19:26 [INFO] request served: GET /checkout (200)
2026-06-02 09:28:16 [INFO] request served: GET /checkout (200)
2026-06-02 09:39:20 [INFO] request served: GET /checkout (200)
2026-06-02 09:40:05 [WARN] slow query on /products (612ms)
2026-06-02 09:41:45 [INFO] request served: GET /products (200)
2026-06-02 09:43:37 [INFO] request served: GET /products?id=44 (200)
2026-06-02 09:48:37 [INFO] request served: GET /products?id=17 (200)
2026-06-02 09:49:19 [INFO] request served: GET /products (200)
2026-06-02 09:51:02 [INFO] request served: GET /products (200)
2026-06-02 09:53:17 [INFO] request served: GET /cart (200)
2026-06-02 09:53:23 [INFO] request served: GET / (200)
2026-06-02 09:53:41 [INFO] request served: GET /cart (200)
2026-06-02 09:56:32 [INFO] request served: GET /cart (200)
2026-06-02 10:01:50 [INFO] request served: GET /cart (200)
2026-06-02 10:04:32 [INFO] request served: GET /products?id=17 (200)
2026-06-02 10:11:11 [INFO] request served: GET /products (200)
2026-06-02 10:12:12 [INFO] request served: GET /products?id=44 (200)
2026-06-02 10:17:11 [INFO] request served: GET / (200)
2026-06-02 10:20:03 [INFO] request served: GET /products?id=9 (200)
2026-06-02 10:28:07 [INFO] request served: GET /products?id=17 (200)
2026-06-02 10:29:43 [INFO] request served: GET /products (200)
2026-06-02 10:29:43 [INFO] request served: GET /products?id=9 (200)
2026-06-02 10:32:09 [INFO] request served: GET /products?id=44 (200)
2026-06-02 10:32:54 [INFO] request served: GET / (200)
2026-06-02 10:39:14 [INFO] request served: GET / (200)
2026-06-02 10:39:34 [INFO] request served: GET / (200)
2026-06-02 10:39:46 [INFO] request served: GET / (200)
2026-06-02 10:39:50 [INFO] request served: GET /products?id=9 (200)
2026-06-02 10:45:44 [INFO] request served: GET /products?id=17 (200)
2026-06-02 10:46:50 [INFO] request served: GET /products?id=9 (200)
2026-06-02 10:49:25 [INFO] request served: GET /cart (200)
2026-06-02 10:49:58 [INFO] request served: GET /products (200)
2026-06-02 10:52:56 [INFO] request served: GET /products?id=9 (200)
2026-06-02 10:54:48 [INFO] request served: GET /checkout (200)
2026-06-02 10:55:12 [INFO] request served: GET /products?id=9 (200)
2026-06-02 10:58:28 [INFO] request served: GET / (200)
2026-06-02 10:59:02 [INFO] request served: GET /products (200)
2026-06-02 10:59:15 [INFO] request served: GET / (200)
2026-06-02 11:03:35 [INFO] request served: GET / (200)
2026-06-02 11:03:36 [INFO] request served: GET /products?id=17 (200)
2026-06-02 11:05:00 [INFO] request served: GET /products (200)
2026-06-02 11:07:10 [INFO] request served: GET /cart (200)
2026-06-02 11:16:10 [INFO] request served: GET /products (200)
2026-06-02 11:18:23 [INFO] request served: GET /products?id=44 (200)
2026-06-02 11:22:34 [INFO] request served: GET /products?id=9 (200)
2026-06-02 11:23:27 [INFO] request served: GET /products (200)
2026-06-02 11:28:00 [INFO] request served: GET /checkout (200)
2026-06-02 11:31:22 [INFO] request served: GET /products?id=9 (200)
2026-06-02 11:32:40 [INFO] request served: GET /products?id=9 (200)
2026-06-02 11:33:17 [INFO] request served: GET /products (200)
2026-06-02 11:33:35 [INFO] request served: GET /products?id=9 (200)
2026-06-02 11:35:52 [INFO] request served: GET /products?id=17 (200)
2026-06-02 11:36:21 [INFO] request served: GET /checkout (200)
2026-06-02 11:36:32 [INFO] request served: GET /checkout (200)
2026-06-02 11:58:24 [INFO] request served: GET /cart (200)
2026-06-02 12:01:01 [INFO] request served: GET /products?id=44 (200)
2026-06-02 12:04:15 [INFO] request served: GET /products?id=17 (200)
2026-06-02 12:05:53 [INFO] request served: GET /checkout (200)
2026-06-02 12:07:50 [INFO] request served: GET /products?id=9 (200)
2026-06-02 12:11:11 [INFO] request served: GET /checkout (200)
2026-06-02 12:13:00 [INFO] request served: GET /products?id=44 (200)
2026-06-02 12:13:03 [INFO] request served: GET /products?id=17 (200)
2026-06-02 12:20:59 [INFO] request served: GET /products?id=17 (200)
2026-06-02 12:27:05 [INFO] request served: GET /products?id=9 (200)
2026-06-02 12:27:24 [INFO] request served: GET /checkout (200)
2026-06-02 12:27:54 [INFO] request served: GET /products?id=17 (200)
2026-06-02 12:29:11 [INFO] request served: GET /checkout (200)
2026-06-02 12:31:20 [INFO] request served: GET /checkout (200)
2026-06-02 12:33:38 [INFO] request served: GET /checkout (200)
2026-06-02 12:36:57 [INFO] request served: GET /products (200)
2026-06-02 12:37:02 [INFO] request served: GET /products?id=17 (200)
2026-06-02 12:37:20 [INFO] request served: GET /products?id=44 (200)
2026-06-02 12:38:30 [INFO] request served: GET /products?id=17 (200)
2026-06-02 12:41:12 [INFO] request served: GET /products (200)
2026-06-02 12:41:47 [INFO] request served: GET /cart (200)
2026-06-02 12:42:53 [INFO] request served: GET /products?id=17 (200)
2026-06-02 12:42:58 [INFO] request served: GET / (200)
2026-06-02 12:47:56 [INFO] request served: GET / (200)
2026-06-02 12:56:46 [INFO] request served: GET /products (200)
2026-06-02 12:58:27 [INFO] request served: GET /products?id=17 (200)
2026-06-02 13:00:56 [INFO] request served: GET /products (200)
2026-06-02 13:02:45 [INFO] request served: GET /cart (200)
2026-06-02 13:02:49 [INFO] request served: GET /products?id=9 (200)
2026-06-02 13:06:10 [INFO] request served: GET /products?id=17 (200)
2026-06-02 13:09:30 [INFO] request served: GET /cart (200)
2026-06-02 13:09:31 [INFO] request served: GET /checkout (200)
2026-06-02 13:11:19 [INFO] request served: GET /products?id=17 (200)
2026-06-02 13:16:28 [INFO] request served: GET /products?id=9 (200)
2026-06-02 13:18:00 [INFO] request served: GET /cart (200)
2026-06-02 13:19:51 [INFO] request served: GET / (200)
2026-06-02 13:19:56 [INFO] request served: GET /cart (200)
2026-06-02 13:24:38 [INFO] request served: GET /products (200)
2026-06-02 13:25:00 [INFO] request served: GET /products (200)
2026-06-02 13:27:33 [INFO] request served: GET /products?id=9 (200)
2026-06-02 13:29:53 [INFO] request served: GET /products?id=44 (200)
2026-06-02 13:30:38 [INFO] request served: GET /products?id=44 (200)
2026-06-02 13:39:44 [INFO] request served: GET /products?id=9 (200)
2026-06-02 13:40:11 [INFO] request served: GET / (200)
2026-06-02 13:42:18 [INFO] request served: GET /checkout (200)
2026-06-02 13:43:21 [INFO] request served: GET /products?id=9 (200)
2026-06-02 13:53:27 [INFO] request served: GET /products (200)
2026-06-02 13:54:42 [INFO] request served: GET /products?id=17 (200)
2026-06-02 13:55:31 [INFO] request served: GET /products (200)
2026-06-02 14:01:58 [INFO] request served: GET / (200)
2026-06-02 14:02:58 [INFO] request served: GET /upload.php (200)
2026-06-02 14:03:23 [INFO] request served: GET /products?id=17 (200)
2026-06-02 14:03:41 [WARN] unauthenticated file write to /var/www/html/uploads/cfg_9f3a.php from 203.0.113.44 (upload.php missing auth check + no extension allowlist)
2026-06-02 14:03:55 [INFO] request served: GET /uploads/cfg_9f3a.php (200)
2026-06-02 14:04:12 [WARN] unexpected child process spawned by www-data (pid 21044)
2026-06-02 14:04:17 [INFO] request served: GET / (200)
2026-06-02 14:04:30 [WARN] unexpected child process spawned by www-data (pid 21051)
2026-06-02 14:04:53 [INFO] request served: GET /checkout (200)
2026-06-02 14:05:15 [INFO] request served: GET / (200)
2026-06-02 14:06:59 [INFO] request served: GET /products?id=9 (200)
2026-06-02 14:08:05 [INFO] request served: GET /checkout (200)
2026-06-02 14:12:53 [INFO] request served: GET / (200)
2026-06-02 14:16:05 [INFO] request served: GET /products?id=44 (200)
2026-06-02 14:16:08 [INFO] request served: GET /products?id=9 (200)
2026-06-02 14:22:44 [INFO] request served: GET /checkout (200)
2026-06-02 14:26:25 [INFO] request served: GET /products (200)
2026-06-02 14:26:54 [INFO] request served: GET /products?id=44 (200)
2026-06-02 14:27:54 [INFO] request served: GET /products (200)
2026-06-02 14:29:17 [INFO] request served: GET /products?id=17 (200)
2026-06-02 14:35:27 [INFO] request served: GET /products?id=9 (200)
2026-06-02 14:37:26 [INFO] request served: GET /checkout (200)
2026-06-02 14:41:30 [INFO] request served: GET /products (200)
2026-06-02 14:43:42 [INFO] request served: GET /products (200)
2026-06-02 14:45:38 [INFO] request served: GET / (200)
2026-06-02 14:47:53 [INFO] request served: GET /products?id=17 (200)
2026-06-02 14:50:58 [INFO] request served: GET /products?id=9 (200)
2026-06-02 14:51:33 [INFO] request served: GET /products?id=9 (200)
2026-06-02 14:51:43 [INFO] request served: GET /products?id=44 (200)
2026-06-02 14:51:54 [INFO] request served: GET /products?id=17 (200)
2026-06-02 14:56:28 [INFO] request served: GET /products?id=44 (200)
2026-06-02 15:00:25 [INFO] request served: GET /products?id=17 (200)
2026-06-02 15:02:49 [INFO] request served: GET /products (200)
2026-06-02 15:12:32 [INFO] request served: GET /products?id=9 (200)
2026-06-02 15:14:40 [INFO] request served: GET /products?id=44 (200)
2026-06-02 15:15:01 [INFO] request served: GET /checkout (200)
2026-06-02 15:18:10 [INFO] request served: GET /products?id=44 (200)
2026-06-02 15:18:25 [INFO] request served: GET /products?id=44 (200)
2026-06-02 15:20:45 [INFO] request served: GET /checkout (200)
2026-06-02 15:23:08 [INFO] request served: GET /products?id=17 (200)
2026-06-02 15:23:52 [INFO] request served: GET /products?id=17 (200)
2026-06-02 15:24:16 [INFO] request served: GET /products?id=9 (200)
2026-06-02 15:25:20 [INFO] request served: GET /checkout (200)
2026-06-02 15:26:21 [INFO] request served: GET / (200)
2026-06-02 15:28:50 [INFO] request served: GET /products?id=44 (200)
2026-06-02 15:30:31 [INFO] request served: GET /products?id=44 (200)
2026-06-02 15:33:16 [INFO] request served: GET /products?id=44 (200)
2026-06-02 15:40:05 [INFO] request served: GET /checkout (200)
2026-06-02 15:43:39 [INFO] request served: GET /cart (200)
2026-06-02 15:48:29 [INFO] request served: GET /cart (200)
2026-06-02 15:51:35 [INFO] request served: GET /products?id=17 (200)
2026-06-02 15:53:54 [INFO] request served: GET /products (200)
2026-06-02 16:02:46 [INFO] request served: GET /products (200)
2026-06-02 16:05:11 [INFO] request served: GET / (200)
2026-06-02 16:05:14 [INFO] request served: GET /products?id=9 (200)
2026-06-02 16:05:47 [INFO] request served: GET /products?id=44 (200)
2026-06-02 16:07:49 [INFO] request served: GET /products?id=9 (200)
2026-06-02 16:09:39 [INFO] request served: GET / (200)
2026-06-02 16:12:28 [INFO] request served: GET /checkout (200)
2026-06-02 16:20:06 [INFO] request served: GET /products?id=17 (200)
2026-06-02 16:20:17 [INFO] request served: GET /products (200)
2026-06-02 16:23:04 [INFO] request served: GET / (200)
2026-06-02 16:30:30 [INFO] request served: GET /products (200)
2026-06-02 16:33:29 [INFO] request served: GET /checkout (200)
2026-06-02 16:37:11 [INFO] request served: GET /products?id=17 (200)
2026-06-02 16:38:07 [INFO] request served: GET /products?id=17 (200)
2026-06-02 16:39:44 [INFO] request served: GET /checkout (200)
2026-06-02 16:41:44 [INFO] request served: GET / (200)
2026-06-02 16:45:47 [INFO] request served: GET /products (200)
2026-06-02 16:47:35 [INFO] request served: GET / (200)
2026-06-02 16:47:39 [INFO] request served: GET /products (200)
2026-06-02 16:48:36 [INFO] request served: GET /products?id=9 (200)
2026-06-02 16:49:45 [INFO] request served: GET /products?id=44 (200)
2026-06-02 16:50:35 [INFO] request served: GET /products (200)
2026-06-02 16:51:24 [INFO] request served: GET /products?id=9 (200)
2026-06-02 16:53:29 [INFO] request served: GET /checkout (200)
2026-06-02 16:54:04 [INFO] request served: GET /products?id=44 (200)
2026-06-02 16:54:41 [INFO] request served: GET /products?id=17 (200)
2026-06-02 16:55:53 [INFO] request served: GET /products (200)
2026-06-02 16:56:26 [INFO] request served: GET /products (200)
2026-06-02 16:58:04 [INFO] request served: GET /checkout (200)
2026-06-02 16:59:25 [INFO] request served: GET /cart (200)
2026-06-02 16:59:53 [INFO] request served: GET /products?id=44 (200)
2026-06-02 17:01:00 [INFO] request served: GET / (200)
2026-06-02 17:03:26 [INFO] request served: GET / (200)
2026-06-02 17:06:06 [INFO] request served: GET /cart (200)
2026-06-02 17:06:21 [INFO] request served: GET /products (200)
2026-06-02 17:11:08 [INFO] request served: GET /products?id=9 (200)
2026-06-02 17:15:02 [INFO] request served: GET /checkout (200)
2026-06-02 17:20:14 [INFO] request served: GET /cart (200)
2026-06-02 17:26:08 [INFO] request served: GET /products (200)
2026-06-02 17:26:54 [INFO] request served: GET /checkout (200)
2026-06-02 17:27:47 [INFO] request served: GET /products?id=9 (200)
2026-06-02 17:27:53 [INFO] request served: GET /products?id=17 (200)
2026-06-02 17:36:36 [INFO] request served: GET /products (200)
2026-06-02 17:41:03 [INFO] request served: GET / (200)
2026-06-02 17:41:56 [INFO] request served: GET /products?id=17 (200)
2026-06-02 17:42:04 [INFO] request served: GET /checkout (200)
2026-06-02 17:46:05 [INFO] request served: GET /products?id=9 (200)
2026-06-02 17:47:57 [INFO] request served: GET /cart (200)
2026-06-02 17:52:06 [INFO] request served: GET / (200)
2026-06-02 17:55:01 [INFO] request served: GET /products?id=44 (200)
2026-06-02 17:56:49 [INFO] request served: GET /products?id=9 (200)
2026-06-02 18:00:28 [INFO] request served: GET / (200)
2026-06-02 18:04:36 [INFO] request served: GET / (200)
2026-06-02 18:05:22 [ERROR] payment gateway timeout for order #4482
2026-06-02 18:08:26 [INFO] request served: GET /products?id=44 (200)
2026-06-02 18:11:31 [INFO] request served: GET /checkout (200)
2026-06-02 18:16:18 [INFO] request served: GET /products?id=9 (200)
2026-06-02 18:20:41 [INFO] request served: GET /cart (200)
2026-06-02 18:20:59 [INFO] request served: GET /products?id=17 (200)
2026-06-02 18:21:33 [INFO] request served: GET /products?id=17 (200)
2026-06-02 18:23:00 [INFO] request served: GET /products (200)
2026-06-02 18:31:23 [INFO] request served: GET / (200)
2026-06-02 18:32:08 [INFO] request served: GET /products?id=17 (200)
2026-06-02 18:33:42 [INFO] request served: GET / (200)
2026-06-02 18:38:07 [INFO] request served: GET /products?id=17 (200)
2026-06-02 18:40:01 [INFO] request served: GET /cart (200)
2026-06-02 18:40:43 [INFO] request served: GET /cart (200)
2026-06-02 18:42:26 [INFO] request served: GET /products (200)
2026-06-02 18:47:26 [INFO] request served: GET /products?id=44 (200)
2026-06-02 18:52:14 [INFO] request served: GET /products?id=44 (200)
2026-06-02 19:00:06 [INFO] request served: GET /products (200)
2026-06-02 19:02:33 [INFO] request served: GET / (200)
2026-06-02 19:03:03 [INFO] request served: GET /products?id=17 (200)
2026-06-02 19:06:57 [INFO] request served: GET / (200)
2026-06-02 19:10:28 [INFO] request served: GET /products?id=17 (200)
2026-06-02 19:19:13 [INFO] request served: GET /products?id=44 (200)
2026-06-02 19:20:46 [INFO] request served: GET /products?id=9 (200)
2026-06-02 19:22:04 [INFO] request served: GET /checkout (200)
2026-06-02 19:24:05 [INFO] request served: GET /products (200)
2026-06-02 19:24:39 [INFO] request served: GET /products?id=44 (200)
2026-06-02 19:25:15 [INFO] request served: GET /products (200)
2026-06-02 19:29:42 [INFO] request served: GET /checkout (200)
2026-06-02 19:30:09 [INFO] request served: GET /products (200)
2026-06-02 19:34:08 [INFO] request served: GET /products?id=44 (200)
2026-06-02 19:38:30 [INFO] request served: GET /products?id=9 (200)
2026-06-02 19:40:50 [INFO] request served: GET / (200)
2026-06-02 19:41:51 [INFO] request served: GET / (200)
2026-06-02 19:45:18 [INFO] request served: GET /products?id=9 (200)
2026-06-02 19:54:24 [INFO] request served: GET /products?id=9 (200)
2026-06-02 19:57:47 [INFO] request served: GET / (200)
2026-06-02 19:57:59 [INFO] request served: GET /checkout (200)
2026-06-02 19:59:04 [INFO] request served: GET / (200)
2026-06-02 19:59:20 [INFO] request served: GET /products?id=17 (200)
2026-06-02 19:59:54 [INFO] request served: GET /products?id=17 (200)
